// Jest Snapshot v1, https://goo.gl/fbAQLP

exports[`fetchArticlesAndDisplay should add article links to the DOM 1`] = `
"<ol><li>
            <a href=\\"/article?id=mockArticleId\\">
                Title
            
        </a></li></ol>"
`;
